core_cm7.h:2464:22:SCB_InvalidateDCache_by_Addr	32	static,ignoring_inline_asm
ethernetif.c:131:6:HAL_ETH_MspInit	64	static
ethernetif.c:203:6:HAL_ETH_MspDeInit	16	static
ethernetif.c:257:13:low_level_init	32	static
ethernetif.c:363:14:low_level_output	80	static
ethernetif.c:409:22:low_level_input	88	static
ethernetif.c:458:6:ethernetif_input	24	static
ethernetif.c:514:7:ethernetif_init	16	static
ethernetif.c:558:6:pbuf_free_custom	24	static
ethernetif.c:573:7:sys_jiffies	8	static
ethernetif.c:584:7:sys_now	8	static
ethernetif.c:599:9:ETH_PHY_IO_Init	8	static
ethernetif.c:616:9:ETH_PHY_IO_DeInit	4	static
ethernetif.c:628:9:ETH_PHY_IO_ReadReg	24	static
ethernetif.c:645:9:ETH_PHY_IO_WriteReg	24	static
ethernetif.c:659:9:ETH_PHY_IO_GetTick	8	static
ethernetif.c:669:6:ethernet_link_check_state	136	static
