core_cm7.h:2229:22:SCB_EnableICache	4	static,ignoring_inline_asm
core_cm7.h:2281:22:SCB_EnableDCache	24	static,ignoring_inline_asm
main.c:104:5:main	40	static
main.c:216:6:SystemClock_Config	312	static
main.c:290:13:MX_ADC3_Init	40	static
main.c:347:13:MX_TIM3_Init	40	static
main.c:392:13:MX_GPIO_Init	56	static
main.c:427:6:HAL_TIM_PeriodElapsedCallback	24	static
main.c:437:6:setLD3on	8	static
main.c:441:6:setLD3off	8	static
main.c:445:6:setLD2on	8	static
main.c:448:6:setLD2off	8	static
main.c:452:6:setLD1on	8	static
main.c:455:6:setLD1off	8	static
main.c:459:6:getLDState	24	static
main.c:464:6:process_mqtt_data	32	static
main.c:491:6:mqtt_reconnect	8	static
main.c:494:6:write_config_flash	24	static
main.c:514:6:MPU_Config	24	static
main.c:574:6:Error_Handler	4	static
